#A#####W####################W####################################W###############################################################A#####W####################W####################################W##############################################################
#.#...#.#..#.#WWWWWWWWWWWWW#.#.......................#.#.......................................................................##.#...#.#..#.#WWWWWWWWWWWWW#.#.......................#.#.......................................................................#
#.#...#.#..#.#W............#.#.......................#.#.......................................................................##.#...#.#..#.#W............#.#.......................#.#.......................................................................#
#.#...#.#..#.#W............#.#.......................#.#.......................................................................##.#...#.#..#.#W............#.#.......................#.#.......................................................................#
#.#...#.#..#.#W..............#.......................#.#.......................................................................##.#...#.#..#.#W..............#.......................#.#.......................................................................#
#.#...#.#..#.#W............#.#########################.#.......................................................................##.#...#.#..#.#W............#.#########################.#.......................................................................#
#.#####.#..#.#W............#...........................#.......................................................................##.#####.#..#.#W............#...........................#.......................................................................#
#.......#..#.#W............#.#########################.#.......................................................................##.......#..#.#W............#.#########################.#.......................................................................#
#.#####.#..#.#W............#.#.......................#.#.......................................................................##.#####.#..#.#W............#.#.......................#.#.......................................................................#
#.#...#.#..#.#W............#.#.......................#.#.......................................................................##.#...#.#..#.#W............#.#.......................#.#.......................................................................#
#.#...#.#..#.#W............#.#.......................#.#.......................................................................##.#...#.#..#.#W............#.#.......................#.#.......................................................................#
#.#...#.#..#.#WWWWWWWWWWWWW#.#.......................#.#.......................................................................##.#...#.#..#.#WWWWWWWWWWWWW#.#.......................#.#.......................................................................#
#.#...#.#..#.###############.#.......................#.#.......................................................................##.#...#.#..#.###############.#.......................#.#.......................................................................#
#.#...#.#..#.................#.......................#.#.......................................................................##.#...#.#..#.................#.......................#.#.......................................................................#
#.#...#.#################)W..#.......................#.#.......................................................................##.#...#.#################)W..#.......................#.#.......................................................................#
#.#...#...................W..#.......................#.#.......................................................................##.#...#...................W..#.......................#.#.......................................................................#
#.#####.#################(W..#########################.##########################################################################.#####.#################(W..#########################.#########################################################################
#.......#.................W....................................................................................................##.......#.................W....................................................................................................#
#.#####.##################)..########.##########.#####.##################################.#####################.#################.#####.##################)..########.##########.#####.##################################.#####################.################
#.#...#...................#..#WWWWWW#.#WWWWWWWW#.#...#.#................................#.#...................#.#..............##.#...#...................#..#WWWWWW#.#WWWWWWWW#.#...#.#................................#.#...................#.#..............#
#.#...#.#################.#..#W...............W#.#...#.#................................#.#...................#.#..............##.#...#.#################.#..#W...............W#.#...#.#................................#.#...................#.#..............#
#.#...#.#...............#.#..#W...............W#.#...#.#................................#.#...................#.#..............##.#...#.#...............#.#..#W...............W#.#...#.#................................#.#...................#.#..............#
#.#...#.#...............#.#..#W...............W#.#...#.#................................#.#...................#.#..............##.#...#.#...............#.#..#W...............W#.#...#.#................................#.#...................#.#..............#
#.#...#.#...............#.#..#W...............W#.#...#.#................................#.#...................#.#..............##.#...#.#...............#.#..#W...............W#.#...#.#................................#.#...................#.#..............#
#.#...#.#...............#.#..#W...............W#.#...#.#................................#.#...................#.#..............##.#...#.#...............#.#..#W...............W#.#...#.#................................#.#...................#.#..............#
#.#...#.#...............#.#..#W...............##.#...#.#................................#.#...................#.#..............##.#...#.#...............#.#..#W...............##.#...#.#................................#.#...................#.#..............#
#.#...#.#...............#.#..#W..................#...#.#................................#.#...................#.#..............##.#...#.#...............#.#..#W..................#...#.#................................#.#...................#.#..............#
#.#...#.#...............#.#..#W...............##.#...#.#................................#.#...................#.#..............##.#...#.#...............#.#..#W...............##.#...#.#................................#.#...................#.#..............#
#.#...#.#...............#.#..#W...............W#.#...#.#................................#.#...................#.#..............##.#...#.#...............#.#..#W...............W#.#...#.#................................#.#...................#.#..............#
#.#...#.#...............#.#..#W...............W#.#...#.#................................#.#...................#.#..............##.#...#.#...............#.#..#W...............W#.#...#.#................................#.#...................#.#..............#
#.#...#.#...............#.#..#W...............W#.#...#.#................................#.#...................#.#..............##.#...#.#...............#.#..#W...............W#.#...#.#................................#.#...................#.#..............#
#.#...#.#...............#.#..#W...............W#.#...#.#................................#.#...................#.#..............##.#...#.#...............#.#..#W...............W#.#...#.#................................#.#...................#.#..............#
#.#...#.#...............#.#..#WWWWWWWWWWWWWWWWW#.#...#.#................................#.#...................#.#..............##.#...#.#...............#.#..#WWWWWWWWWWWWWWWWW#.#...#.#................................#.#...................#.#..............#
#.#...#.#...............#.#..###################.#...#.#................................#.#...................#.#..............##.#...#.#...............#.#..###################.#...#.#................................#.#...................#.#..............#
#.#...#.#...............#........................#...#.#................................#.#...................#.#..............##.#...#.#...............#........................#...#.#................................#.#...................#.#..............#
#.#...#.#...............############.#############...#.#................................#.#...................#.#..............##.#...#.#...............############.#############...#.#................................#.#...................#.#..............#
#.#...#.#..........................#.#...............#.#................................#.#...................#.#..............##.#...#.#..........................#.#...............#.#................................#.#...................#.#..............#
#.#...#.#..........................#.#...............#.##################################.#####################.#..............##.#...#.#..........................#.#...............#.##################################.#####################.#..............#
#.#...#.#..........................#.#...............#..................................#.......................#..............##.#...#.#..........................#.#...............#..................................#.......................#..............#
#.#...#.#..........................#.#...............#.################################.#.########.##########.#.#..............##.#...#.#..........................#.#...............#.#########.###.##################.#.########.##########.#.#..............#
#.#...#.#..........................#.#...............#.#..............................#.#.#WWWWW(#.#)WWWWWWW#.#.#..............##.#...#.#..........................#.#...............#.#.......#.#.#.#................#.#.#WWWWW(#.#)WWWWWWW#.#.#..............#
#.#...#.#..........................#.#...............#.#..............................#.#.#W...............W#.#.#..............##.#...#.#..........................#.#...............#.#.......#.#.#.#................#.#.#W...............W#.#.#..............#
#.#...#.#..........................#.#...............#.#..............................#.#.#W...............W#.#.#W############W##.#...#.#..........................#.#...............#.#.......#.#.#.#................#.#.#W...............W#.#.#W############W#
#.#...#.#..........................#.#...............#.#...............#########......#.#.#W...............W#.#.##............)##.#...#.#..........................#.#...............#.#.......#.#.#.#................#.#.#W...............W#.#.##............)#
#.#...#.#..........................#.#...............#.#...............#.......#......#.#.#W...............W#.#.##............(##.#...#.#..........................#.#...............#.#.......#.#.#.#................#.#.#W...............W#.#.##............(#
#.#...#.#..........................#.#...............#.#...............#.#####.#......#.#.#W...............(#.#.#(............$##.#...#.#..........................#.#...............#.#.......#.#.#.#................#.#.#W...............(#.#.#(............$#
#.#...#.#..........................#.#...............#.#...............#.#...#.#......#.#.#W...............##.#.#)W...........$##.#...#.#..........................#.#...............#.#.......#.#.#.#................#.#.#W...............##.#.#)W...........$#
#.#...#.#..........................#.#WWWW...........#.#...............#.#...#.####...#.#.#W..................................$##.#...#.#..........................#.#WWWW...........#.#.......#.#.#.#................#.#.#W..................................$#
#.#...#.#..........................#.#...W...........#.#...............#.#...#....#...#.#.#W...............##.#.#(W...........)##.#...#.#..........................#.#...W...........#.#.......#.#.#.#................#.#.#W...............##.#.#(W...........)#
#.#...#.#..........................#.#...W...........#.#...............#.########.#...#.#.#W...............)#.#.#)............(##.#...#.#..........................#.#...W...........#.#.......#.#.#.#................#.#.#W...............)#.#.#)............(#
#.#...#.#..........................#.##.W............#.#...............#.##.......#...#.#.#W...............W#.#.##############W##.#...#.#..........................#.##.W............#.#.......#.#.#.#................#.#.#W...............W#.#.##############W#
#.#...#.#..........................#....W............#.#...............#.##.#######...#.#.#W...............W#.#.#..............##.#...#.#..........................#....W............#.#.......#.#.#.#................#.#.#W...............W#.#.#..............#
#.#...#.#..........................######............#.#...............#.##.#.........#.#.#W...............W#.#.#..............##.#...#.#..........................######............#.#.......#.#.#.#................#.#.#W...............W#.#.#..............#
#.#...#.#............................................#.#...............#.##W#.........#.#.#WWWWWWWWWWWWWWWWW#.#.#..............##.#...#.#............................................#.#.......#.#.#.#................#.#.#WWWWWWWWWWWWWWWWW#.#.#..............#
#.#...#.#............................................#.#...............#.#............#.#.###################.#W#..............##.#...#.#............................................#.#.......#.#.#.#................#.#.###################.#W#..............#
#.#...#.#............................................#.#...............#.#............#........................#...............##.#...#.#............................................#.#.......#.#.#.#................#........................#...............#
#.#...#.#............................................#.#...............#.#............#############.############...............##.#...#.#............................................#.#.......#.#.#.#................#############.############...............#
#.#...#.#............................................#.#...............#.#........................#.#..........................##.#...#.#............................................#.#.......#.#.#.#............................#.#..........................#
#.#...#.#............................................#.#...............#.#........................#.#..........................##.#...#.#............................................#.#.......#.#.#.#............................#.#..........................#
#.#...#.#............................................#.#...............#.#........................#.#..........................##.#...#.#............................................#.#.......#.#.#.#............................#.#..........................#
#.#...#.#............................................#.#...............#.#........................#.#..........................##.#...#.#............................................#.#.......#.#.#.#............................#.#..........................#
#.#...#.#............................................#.#...............#.#........................#.#..........................##.#...#.#............................................#.#.......#.#.#.#............................#.#..........................#
#.#...#.#............................................#.#...............#.#........................#.#..........................##.#...#.#............................................#.#########.#.#.##############################.############################
#.WWWWW.#............................................#.#...............#.#........................#.#..........................##.WWWWW.#............................................#.........................................................................#
#.......#............................................#.#...............#.#........................#.#..........................##.......#............................................#.#########.#.#.##############################.############################
#.WWWWW.#............................................#.#...............#.#........................#.#..........................##.WWWWW.#............................................#.#.......#.#.#.#............................#.#..........................#
#.#...#.#............................................#.#.......#########.#######..................#.#..........................##.#...#.#............................................#.#.......#.#.#.#............................#.#..........................#
#.#...#.#............................................#.#.......#...............#..................#.#..........................##.#...#.#............................................#.#.......#.#.#.#............................#.#..........................#
#.#...#.#............................................#.#.......#.#############.#..................#.#..........................##.#...#.#............................................#.#.......#.#.#.#............................#.#..........................#
#.#...#.#............................................#.#.......#.#...........#.#..................#.#..........................##.#...#.#............................................#.#.......#.#.#.#............................#.#..........................#
#.#...#.#............................................#.#.......#.#...........#.#..................#.#..........................##.#...#.#............................................#.#########.#.#.##############################.############################
#.#...#.#............................................#.#.......#.#...........#.#..................#.#..........................##.#...#.#............................................#.........................................................................W
#.#...#.#............................................#.#.......#.#...........#.#..................#.#..........................##.#...#.#............................................#.#########.#.#.##############################.############################
#.#...#.#............................................#.#.......#.#...........#.#..................#.#..........................##.#...#.#............................................#.#.......#.#.#.#............................#.#..........................#
#.#...#.#............................................#.#.......#.#...........#.#..................#.#..........................##.#...#.#............................................#.#.......#.#.#.#............................#.#..........................#
#.#...#.#............................................#.#.......#.#...........#.#..................#.#..........................##.#...#.#............................................#.#.......#.#.#.#............................#.#..........................#
#.#...#.#............................................#.#.......#.#...........#.#..................#.#..........................##.#...#.#............................................#.#########.#.#.##############################.############################
#.#...#.#............................................#.#.......#.#...........#.#..................#.#..........................##.#...#.#............................................#.........................................................................W
#.#...#.#...................#####################....#.#.......#.#...........#.#..................#.#..........................##.#...#.#...................#####################....#.#########.#.#.###########.###.##############.############################
#.#...#.#...................#...................#....#.#.......#.#...........#.#..................#.#..........................##.#...#.#...................#...................#....#.#.......#.#.#.#.........#.#.#.#............#.#.............#.#..........#
#.#...#.#...................#.#################.#....#.#.......#.#...........#.#..................#.#..........................##.#...#.#...................#.#################.#....#.#.......#.#.#.#.........#.#.#.#............#.#.............#.#..........#
#.#...#.#...................#.#...............#.#....#.#.......#.#...........#.#..................#.#..........................##.#...#.#...................#.#...............#.#....#.#.......#.#.#.#.........#.#.#.#............#.#.............#.#..........#
#.#...#.#...................#.#.#############.#.#....#.#.......#.#...........#.#..................#.#..........................##.#...#.#...................#.#.#############.#.#....#.#.......#.#.#.#.........#.#.#.#............#.#.............#.#..........#
#.#...#.#...................#.#.#..........)#.#.#....#.#.......#.#...........#.#..................#.#..........................##.#...#.#...................#.#.#..........)#.#.#....#.#.......#.#.#.#.........#.#.#.#............#.#.............#.#..........#
#.#...#.#...................#.#.#.#(WWWWWWWW#.#.#....#.#.......#.#...........#.#..................#.#..........................##.#...#.#...................#.#.#.#(WWWWWWWW#.#.#....#.#.......#.#.#.#.#########.#.#.##############################.############
#.#...#.#...................#.#.#.###########.#.#....#.#.......#.#...........#.#..................#.#..........................##.#...#.#...................#.#.#.###########.#.#....#.#.......#.#.#.#.W.......................................................W
#.#...#.#...................#.#.#.............#.#....#.#.......#.#...........#.#..................#.#..........................##.#...#.#...................#.#.#.............#.#....#.#.......#.#.#.#.#########.#.#.###########################################
#.#...#.#...................#.#.###############.#....#.#.......#.#...........#.#..................#.#..........................##.#...#.#...................#.#.###############.#....#.#.......#.#.#.#.........#.#.#.#............#.#..........................#
#.#...#.#...................#.#.................#....#.#.......#.#...........#.#..................#.#..........................##.#...#.#...................#.#.................#....#.#.......#.#.#.#.........#.#.#.#............#.#..........................#
#.#...#.#...................#.###################....#.#.......#.#...........#.#..................#.#..........................##.#...#.#...................#.###################....#.#.......#.#.#.#.........#.#.#.#............#.#..........................#
#.#...#.#####################.(.................######.#.......#.#...........#.#..................#.#..........................##.#...#.#####################.(.................######.#.......#.#.#.#.........#.#.#.#............#.#..........................#
#.#...#.........................WWWWWWWWWWWWWWW........#.......#.#...........#.#..................#.#..........................##.#...#.........................WWWWWWWWWWWWWWW........#.......#.#.#.#.........#.#.#.#............#.#..........................#
#.#...#.#########################.............########.#.......#.#...........#.#####A##############.######.#...................##.#...#.#########################.............########.#.......#.#.#.#.........#.#.#.#............#.#..........................#
#.#...#.#............................................#.#.......#.#...........#.....#.......................#...................##.#...#.#............................................#.#.......#.#.#.#.........#.#.#.#............#.#..........................#
#.#...#.#............................................#.#.......#.#...........#####.#.########.##########.#.#...................##.#...#.#............................................#.#.......#.#.#.#.........).#.#.(............#.#..........................#
#.#...#.#............................................#.#.......#.#...............#.#.#WWWWW(#.#)WWWWWWW#.#.#...................##.#...#.#............................................#.#.......#.#.#.#.WWWWWWWWW.....WWWWWWWWW....#.#..........................#
#.#...#.#............................................#.#########.#...............#.#.#W...............W#.#.#...................##.#...#.#............................................#.#########.#.#.#.W.....................W....#.#..........................#
#.#...#.#............................................#...........#...............#.#.#W...............W#.#.#...................##.#...#.#............................................#...........#.#.#.W.....................W....#.#..........................#
#.#...#.#............................................#.####.##.###...............#.#.#W...............W#.#.#...................##.#...#.#............................................#.####.##.###.#.##W.....................W....#.#..........................#
#.#...#.#............................................#.#..#.##.#.................#.#.#W...............W#.#.#...................##.#...#.#............................................#.#..#.##.#...#...A.....................W....#.#..........................#
#.#...#.#............................................#.#..#.##.#.................#.#.#W...............(#.#.#...................##.#...#.#............................................#.#..#.##.#...#.##W.......$$$$$$$.......W....#.#..........................#
#.#...#.#............................................#.#..#.##.#.................#.#.#W...............##.#.#######.............##.#...#.#............................................#.#..#.##.#...#.#.W.......$$$$$$$.......W....#.#..........................#
#.#...#.#............................................#.#..#.##.#.................#.#.#W..........................#.............##.#...#.#............................................#.#..#.##.#...#.#.W.......$$$$$$$.......W....#.#..........................#
#.#...#.#............................................#.#..#.##.#.................#.#.#W...............##.#.#####.#.............##.#...#.#............................................#.#..#.##.#...#.#.W.......$$$$$$$.......W....#.#..........................#
#.#...#.#............................................#.#..#.##.#.................#.#.#W...............)#.#.#...#.#.............##.#...#.#............................................#.#..#.##.#...#.#.W.......$$$$$$$.......W....#.#..........................#
#.#...#.#............................................#.#..#.##.#.................#.#.#W...............W#.#.#...#.#.............##.#...#.#............................................#.#..#.##.#...#.#.W.....................W....#.#..........................#
#.#...#.#............................................#.#..#.##.#.................#.#.#W...............W#.#.#...#.#.............##.#...#.#............................................#.#..#.##.#...#.#.W.....................W....#.#..........................#
#.#...#.#............................................#.#..#.##.#.................#.#.#W...............W#.#.#...#.#.............##.#...#.#............................................#.#..#.##.#...#.#.W.....................W....#.#..........................#
#.#...#.#............................................#.#..#.##.#.................#.#.#WWWWWWWWWWWWWWWWW#.#.#...#.#.............##.#...#.#............................................#.#..#.##.#...#.#.W.....................W....#.#..........................#
#.#...#.#............................................#.#..#.##.#.................#.#.###################.#W#...#.#.............##.#...#.#............................................#.#..#.##.#...#.#.W.....................W....#.#..........................#
#.#...#.#............................................#.#..#.##.#.................#........................#....#.#.............##.#...#.#............................................#.#..#.##.#...#.#.W.....................W....#.#..........................#
#.#...#.#............................................#.#..#.##.#.................#############.############....#.#.............##.#...#.#............................................#.#..#.##.#...#.#.WWWWWWW...............W....#.#..........................#
#.#...#.#............................................#.#..#.##.#.............................#.#...............#.#.............##.#...#.#............................................#.#..#.##.#...#.#######WW...............W....#.#..........................#
#.#...#.#............................................#.#..#.##.#.............................#.#...............#.#.............##.#...#.#............................................#.#..#.##.#...#........$W...............W....#.#..........................#
#.#...#.#............................................#.#..#.##.#.............................#.#...............#.#.............##.#...#.#............................................#.#..#.##.#...#.##W....$W...............W....#.#..........................#
#.#...#.#............................................#.#..#.##.#.......#######################.#...............#.#.............##.#...#.#............................................#.#..#.##.#...#.#W.....WWWWWWWWWWWWWAWWWW....#.#..........................#
#.#...#.#............................................#.#..#.##.#.......#.......................#...............#.#.............##.#...#.#............................................#.#..#.##.#...#.#W.....W.....................#.#..........................#
#.#...#.#............................................#.#..#.##.#.......#.#######################...............#.#.............##.#...#.#............................................#.#..#.##.#...#.#WWWWWWW.....................#.#..........................#
#.#...#.#............................................#.#..#.##.#.......#.#.....................................#.#.............##.#...#.#............................................#.#..#.##.#...#.###########################)##.#..........................#
#.#...#.#............................................#.#..#.##.#.......#.#........................##############.#.............##.#...#.#............................................#.#..#.##.#...#................................#..........................#
#.#...#.#............................................#.#..#.##.#.......#.#........................#..............#.............##.#...#.#............................................#.#..#.##.#...#####.#######################(##.#..........................#
#.#...#.#............................................#.#..#.##.#.......#.#........................#.##############.............##.#...#.#............................................#.#..#.##.#.......#.#........................#.#..........................#
#.#...#.#............................................#.#..#.##.#.......#.#........................#.#..........................##.#...#.#............................................#.#..#.##.#.......#.#........................#.#..........................#
#.#...#.#............................................#.#..#.##.#.......#.#........................#.#..........................##.#...#.#............................................#.#..#.##.#.......#.#........................#.#..........................#
#.#...#.#............................................#.#..#.##.#.......#.#........................#.#..........................##.#...#.#............................................#.#..#.##.#.......#.#........................#.#..........................#
#.#...#.##############################################.#######.#########.#........................#.#############################.#...#.#............................................#.#######.#########.#........................#.############################
#.#...#........................................................W.........#........................#............................##.#...#.#............................................#...................#........................#............................#
#.#...##################################################################A#........................############################.##.#####.#............................................##########.##########........................#.##########################.#
#.#..........................................................................................................................#..........#.....................................................#.#.................................#.#........................#.#
#.#..........................................................................................................................############.....................................................#.#...................###############.#........................#.#
#.#...........................................................................................................................................................................................#.#...................#...............#........................#.#
#.############.....................................##########################################.......................................................###########################################.#...................#.###############........................#.#
#............W.....................................#........................................#.......................................................#...........................................#...................#...............#........................#.#
##########.###.....................................#........................................#.......................................................#.###########################################...................###############.#........................#.#
#........#.#.......................................#.#####################################..#.......................................................#.#.............................................................#...............#........................#.#
#......###.#.......................................#.#...................................#..#.......................................................#.######################........................................#.########################################.#
#......#...#.......................................#.#...................................#..#.......................................................#......................#........................................#..........................................#
#......#.###########################################.#...................................#..#.......................................................######################.#........................................##########################################.#
#......#.#...........................................#...................................#..#............................................................................#.#.................................................................................#.#
#......#.#.###########################################...................................#..#................................................................#############.##################................................................................#.#
#......#.#.#.............................................................................#..#................................................................#..............................#................................................................#.#
#......#.#.######################........................................................#..#................................................................#.############################.#................................................................#.#
#......#.#......................#........................................................#..#................................................................#W#..........................#.#................................................................#.#
#......#.######################.#...............................................##########..#...............................................................................###############.#................................................................#.#
#......#........................#...............................................#...........#...............................................................................#...............#................................................................#.#
#......#........................#...............................................A...........#...............................................................................#.###############.....................................#####......................#.#
#......##########################...............................................$...........#...............................................................................#...............#.....................................#...#......................#.#
#...............................................................................$...........#...............................................................................###############.#.......................###############.#.########################.#
#...............................................................................###########.#...............................................................................#...............#.......................#...............#..........................#
#.........................................................................................#.#...............................................................................#.###############.......................#.##########################################
#.........................................................................................#.#...............................................................................#...............#.......................#...............#..........................#
#.........................................................................................#.#...............................................................................###############.#.......................###############.#..........................#
#...............................................###########################################.#...............................................................................#...............#.......................#...............#..........................#
#...............................................#...........................................#...............................................................................#.###############.......................#.##########################################
#...............................................#.###########################################...............................................................................#...............#.......................#...............#..........................#
#...............................................#.#.........................................................................................................................###############.#.......................###############.#.########################.#
#...............................................#.######################....................................................................................................#...............#.......................#...............#.#......................#.#
#...............................................#......................#....................................................................................................#.###############.......................#.###############.#......................#.#
#...............................................######################.#....................................................................................................#...............#.......................#...............#.#......................#.#
#....................................................................#.#....................................................................................................###############.#.......................###############.#.#......................#.#
#....................................................................#.#....................................................................................................#...............#.......................#...............#.#......................#.#
#....................................................................#.#....................................................................................................#.###############.......................#.###############.#......................#.#
#....................................................................#.#....................................................................................................#...............#.......................#...............#.#......................#.#
#..........................###########################################.#....................................................................................................###############.#.......................###############.#.#......................#.#
#..........................#...........................................#....................................................................................................#...............#.......................#...............#.#......................#.#
#..........................#.###########################################....................................................................................................#.###############.......................#.###############.#......................#.#
#..........................#.#..............................................................................................................................................#...............#.......................#...............#.#......................#.#
#..........................#.######################.........................................................................................................................###############.#.......................###############.#.#......................#.#
#..........................#......................#.........................................................................................................................#...............#.......................#...............#.#......................#.#
#..........................######################.#.........................................................................................................................#.###############.......................#.###############.#......................#.#
#...............................................#.#.........................................................................................................................#...............#.......................#...............#.#......................#.#
#...............................................#.#.........................................................................................................................###############.#.......................###############.#.#......................#.#
#...............................................#.#.........................................................................................................................#...............#.......................#...............#.#......................#.#
#...............................................#.#.........................................................................................................................#.###############.......................#.###############.#......................#.#
#...............................................#.#.........................................................................................................................#...............#.......................#...............#.#......................#.#
#...............................................#.#.........................................................................................................................###############.#.......................###############.#.#......................#.#
#...............................................#.############################################################################..............................................#...............#.......................#...............#.#......................#.#
#...............................................#............................................................................@..............................................#.###############.......................#.###############.#......................#.#
#...............................................##############################################################################..............................................#...............#.......................#...............#.#......................#.#
#...........................................................................................................................................................................###############.#.......................###############.#.#......................#.#
#...........................................................................................................................................................................#...............#.......................#...............#.#......................#.#
#...........................................................................................................................................................................#.###############.......................#.###############.#......................#.#
#...........................................................................................................................................................................#...............#.......................#...............#.#......................#.#
#...........................................................................................................................................................................###############.#.......................###############.#.#......................#.#
#...........................................................................................................................................................................#...............#.......................#...............#.#......................#.#
#......................######################################################################............ ..................................................................#.###############.......................#.###############.#......................#.#
#......................#....................................................................#...............................................................................#...............#.......................#...............#.#......................#.#
#......................#.##############################.###################################.#...............................................................................###############.#.......................###############.#.#......................#.#
#......................#.#............................#.#.................................#.#...............................................................................#...............#.......................#...............#.#......................#.#
#......................#.#............................#.#.................................#.#...............................................................................#.###############.......................#.###############.#......................#.#
#......................#.#............................#.#.................................#.#########.......................................................................#...............#.......................#...............#.#......................#.#
#......................#.#............................#.#.................................#.........#.......................................................................###############.#.......................###############.#.#......................#.#
#......................#.#............................#.#.................................#########.#.....................................................................................#.#.......................#...............#.#......................#.#
#......................#.#............................#.#.........................................#.#.....................................................................................#.#.......................#.###############.#......................#.#
#......................#.#............................#.#....................######################.#.....................................................................................#.#.......................#...............#.#......................#.#
#......................#.#............................#.#....................#......................#.....................................................................................#.#.......................###############.#.#......................#.#
#......................#.#............................#.#....................#.############################################################################################################.#.....................................#...#......................#.#
#......................#.#............................#.#....................#..............................................................................................................#.....................................#####......................#W#
#......................#.#............................#.#....................################################################################################################################..................................................................#
#......................#.#............................#.#......................................................................................................................................................................................................#
#......................#.#............................#.#......................................................................................................................................................................................................#
#......................#.#............................#.#......................................................................................................................................................................................................#
#......................#.#............................#.#......................................................................................................................................................................................................#
#......................#.##############################.#......................................................................................................................................................................................................#
#......................#................................#......................................................................................................................................................................................................#
#......................#.##############################.#......................................................................................................................................................................................................#
#......................#.#............................#.#......................................................................................................................................................................................................#
#......................#.#............................#.#......................................................................................................................................................................................................#
#......................#.#............................#.#......................................................................................................................................................................................................#
#......................#.#............................#.#......................................................................................................................................................................................................#
#......................#.#............................#.#......................................................................................................................................................................................................#
#......................#.#............................#.#......................................................................................................................................................................................................#
#......................#.#............................#.#......................................................................................................................................................................................................#
#......................#.#............................#.#......................................................................................................................................................................................................#
#......................#.#............................#.#......................................................................................................................................................................................................#
#......................#.#............................#.#......................................................................................................................................................................................................#
#......................#.#............................#.#......................................................................................................................................................................................................#
#......................#.#............................#.#......................................................................................................................................................................................................#
#......................#.#............................#.#......................................................................................................................................................................................................#
#......................#.#............................#.#......................................................................................................................................................................................................#
#......................#.#............................#.#......................................................................................................................................................................................................#
#......................#.#............................#.#......................................................................................................................................................................................................#
#......................#.#............................#.#......................................................................................................................................................................................................#
#......................#.#............................#.#......................................................................................................................................................................................................#
#......................#.#............................#.#......................................................................................................................................................................................................#
#......................#.#............................#.#......................................................................................................................................................................................................#
#......................#.#............................#.#......................................................................................................................................................................................................#
#......................#.#............................#.#......................................................................................................................................................................................................#
#......................#.#............................#.#......................................................................................................................................................................................................#
#......................#.#............................#.#......................................................................................................................................................................................................#
#......................#.#............................#.#......................................................................................................................................................................................................#
#......................#.#............................#.#......................................................................................................................................................................................................#
#......................#.#............................#.#......................................................................................................................................................................................................#
#......................#.#............................#.#......................................................................................................................................................................................................#
#......................#.#............................#.#......................................................................................................................................................................................................#
#......................#.#............................#.#......................................................................................................................................................................................................#
#......................#.#............................#.#......................................................................................................................................................................................................#
#......................#.#............................#.#......................................................................................................................................................................................................#
#......................#.#............................#.#......................................................................................................................................................................................................#
#......................#.#............................#.#......................................................................................................................................................................................................#
#......................#.#######W.....................#.#......................................................................................................................................................................................................#
#......................#........$.....................#.#......................................................................................................................................................................................................#
#......................#.##W....$.....................#.#......................................................................................................................................................................................................#
#......................#.#W.....W.....................#.#......................................................................................................................................................................................................#
#......................#.#W.....W.....................#.#......................................................................................................................................................................................................#
#......................#.#WWWWWWW.....................#.#......................................................................................................................................................................................................#
#......................#.###########################)##.#......................................................................................................................................................................................................#
#......................#.............................W#.#......................................................................................................................................................................................................#
#......................#####A###(W&W)###############(##W#......................................................................................................................................................................................................#
#..............................................................................................................................................................................................................................................................#
#..............................................................................................................................................................................................................................................................#
#..............................................................................................................................................................................................................................................................#
#..............................................................................................................................................................................................................................................................#
#..............................................................................................................................................................................................................................................................#
#..............................................................................................................................................................................................................................................................#
#W#####W#########################################################################################################################W#####W########################################################################################################################